PP1 disables EP communication overlap in the exposure model.
Arguments validation successful

=== parallel strategy ===
+--------------------------------------+----------+
|          megatron_parameter          |  value   |
+--------------------------------------+----------+
|              world_size              |    8     |
|      tensor_model_parallel_size      |    1     |
|     pipeline_model_parallel_size     |    1     |
|        context_parallel_size         |    1     |
|          data_parallel_size          |    8     |
|      expert_model_parallel_size      |    8     |
|     expert_tensor_parallel_size      |    1     |
|      expert_data_parallel_size       |    1     |
|     expert_communication_backend     | alltoall |
|             overlap_mode             |   none   |
|           overlap_p2p_comm           |  False   |
|          ep_overlap_enabled          |  False   |
| virtual_pipeline_model_parallel_size |    1     |
|           micro_batch_size           |    1     |
|          global_batch_size           |    8     |
|              seq_length              |   128    |
+--------------------------------------+----------+

=== memory estimate ===
+---------+-------------------------+--------------+------------+----------+---------+-----------+
| pp_rank | activation_microbatches | param_elems  | act_elems  | wgo_gib  | act_gib | total_gib |
+---------+-------------------------+--------------+------------+----------+---------+-----------+
|    0    |            1            | 709910748160 | 4513529856 | 11615.01 |  8.41   | 11623.42  |
+---------+-------------------------+--------------+------------+----------+---------+-----------+
